CCS PCM C Compiler, Version 5.070, 56587               12-mar.-18 22:09

               Filename:   C:\Users\Nicolas Zamora\Documents\ComunicacionesDigitales\Codificador-8QAM\Decodificador8QAM\Control\Decodificador8QAM.lst

               ROM used:   465 words (6%)
                           Largest free fragment is 2048
               RAM used:   18 (5%) at main() level
                           19 (5%) worst case
               Stack used: 1 locations (0 in main + 1 for interrupts)
               Stack size: 8

*
0000:  MOVLW  01
0001:  MOVWF  0A
0002:  GOTO   189
0003:  NOP
0004:  MOVWF  7F
0005:  SWAPF  03,W
0006:  CLRF   03
0007:  MOVWF  21
0008:  MOVF   0A,W
0009:  MOVWF  20
000A:  CLRF   0A
000B:  MOVF   04,W
000C:  MOVWF  22
000D:  MOVF   77,W
000E:  MOVWF  23
000F:  MOVF   78,W
0010:  MOVWF  24
0011:  MOVF   79,W
0012:  MOVWF  25
0013:  MOVF   7A,W
0014:  MOVWF  26
0015:  BCF    03.7
0016:  BCF    03.5
0017:  BTFSS  0B.4
0018:  GOTO   01B
0019:  BTFSC  0B.1
001A:  GOTO   02C
001B:  MOVF   22,W
001C:  MOVWF  04
001D:  MOVF   23,W
001E:  MOVWF  77
001F:  MOVF   24,W
0020:  MOVWF  78
0021:  MOVF   25,W
0022:  MOVWF  79
0023:  MOVF   26,W
0024:  MOVWF  7A
0025:  MOVF   20,W
0026:  MOVWF  0A
0027:  SWAPF  21,W
0028:  MOVWF  03
0029:  SWAPF  7F,F
002A:  SWAPF  7F,W
002B:  RETFIE
002C:  BCF    0A.3
002D:  BCF    0A.4
002E:  GOTO   02F
.................... #include <16F887.h>         // Modify for your chip 
.................... //////////// Standard Header file for the PIC16F887 device //////////////// 
.................... /////////////////////////////////////////////////////////////////////////// 
.................... ////        (C) Copyright 1996, 2014 Custom Computer Services          //// 
.................... //// This source code may only be used by licensed users of the CCS C  //// 
.................... //// compiler.  This source code may only be distributed to other      //// 
.................... //// licensed users of the CCS C compiler.  No other use, reproduction //// 
.................... //// or distribution is permitted without written permission.          //// 
.................... //// Derivative programs created using this software in object code    //// 
.................... //// form are not restricted in any way.                               //// 
.................... /////////////////////////////////////////////////////////////////////////// 
.................... #device PIC16F887 
....................  
.................... #list 
....................  
.................... //#include <lcd.c> 
....................  
.................... #DEVICE ADC = 10 
.................... #fuses HS,NOWDT,NOMCLR,NOPROTECT,NOLVP 
....................  
.................... #use delay(clock=20M) 
....................  
....................  
....................  
....................  
.................... //Se ubican los registros de configuracion de puertos 
....................  
.................... #Byte TRISA = 0x85  
.................... #Byte PORTA = 0x05 
.................... #Byte ANSEL = 0x188 
.................... #Byte ANSELH = 0x189 
....................  
.................... #Byte TRISB = 0x86 
.................... #Byte PORTB = 0x06 
....................  
....................  
.................... #DEFINE I PIN_A0 
.................... #DEFINE Q PIN_A1 
.................... #DEFINE S PIN_B1 
....................  
.................... //#fuses XT,NOMCLR,NOWDT,PUT,NOLVP... 
....................  
.................... //en XT le dice al pic que lleva un oscilador conectado <4mhz 
.................... //el NOMCLR le dice al pic que deshabilita el pin masterclear, desactiva el reset externo por el pic MCLR 
.................... //el NOWDT le dice al pic que deshabilita el Watchdog timer "perro guardian" 
.................... //el PUT habilita el Power Up Timer, tiempo de espera para estabilizacion de alimentacion 
.................... //el NOLVP deshabilita un pin asignado para la programacion de bajo voltaje... low voltage programing 
....................  
....................  
....................  
....................  
.................... int16 vI=0,vQ=0; 
.................... int p=0; 
.................... int cuenta=0; 
....................  
.................... #int_EXT 
.................... void control(){    
....................       set_adc_channel(0); 
002F:  MOVLW  00
0030:  MOVWF  78
0031:  MOVF   1F,W
0032:  ANDLW  C3
0033:  IORWF  78,W
0034:  MOVWF  1F
....................       delay_us(30); 
0035:  MOVLW  31
0036:  MOVWF  77
0037:  DECFSZ 77,F
0038:  GOTO   037
0039:  GOTO   03A
....................       vI=read_adc(); 
003A:  BSF    1F.1
003B:  BTFSC  1F.1
003C:  GOTO   03B
003D:  BSF    03.5
003E:  MOVF   1E,W
003F:  BCF    03.5
0040:  MOVWF  27
0041:  MOVF   1E,W
0042:  MOVWF  28
....................       set_adc_channel(1); 
0043:  MOVLW  04
0044:  MOVWF  78
0045:  MOVF   1F,W
0046:  ANDLW  C3
0047:  IORWF  78,W
0048:  MOVWF  1F
....................       delay_us(30); 
0049:  MOVLW  31
004A:  MOVWF  77
004B:  DECFSZ 77,F
004C:  GOTO   04B
004D:  GOTO   04E
....................       vQ=read_adc(); 
004E:  BSF    1F.1
004F:  BTFSC  1F.1
0050:  GOTO   04F
0051:  BSF    03.5
0052:  MOVF   1E,W
0053:  BCF    03.5
0054:  MOVWF  29
0055:  MOVF   1E,W
0056:  MOVWF  2A
....................   
....................   
.................... //!      if((819<=vI)&&(vI<=1023)){ //i=5V  [100,101] 
.................... //!         
.................... //!        if((513<=vQ)&&(vQ<=1023)){ //q=5  [100] 
.................... //!            p=4; 
.................... //!        }else{ 
.................... //!            //(0<=vQ)&&(vQ<=215)    //q=0 [101] 
.................... //!            p=5; 
.................... //!        } 
.................... //!         
.................... //!      }else if((615<=vI)&&(vI<=818)){ //i=3.75 
.................... //! 
.................... //!            p=0; 
.................... //!             
.................... //!      }else if((411<=vI)&&(vI<=614)){ //i=0 
.................... //!       
.................... //!      if((513<=vQ)&&(vQ<=1023)){ //q=3.75 
.................... //!            p=3; 
.................... //!        }else{ //q=1.25 
.................... //!            //(1<=vQ)&&(vQ<=216)    //q=0 [101] 
.................... //!            p=1; 
.................... //!        } 
.................... //!      }else if((204<=vI)&&(vI<=410)){ //i=1.25 
.................... //!            p=2; 
.................... //!      }else{ //i=0 
.................... //!       
.................... //!      if((513<=vQ)&&(vQ<=1023)){ //q=5  [100] 
.................... //!            p=7; 
.................... //!        }else{ 
.................... //!            //(0<=vQ)&&(vQ<=215)    //q=0 [101] 
.................... //!            p=6; 
.................... //!        } 
.................... //!         
.................... //!      } 
....................             if((384<vI)&&(vI<=640)){ //i=2.5V  [000,010] 
0057:  MOVF   28,W
0058:  SUBLW  00
0059:  BTFSC  03.0
005A:  GOTO   094
005B:  XORLW  FF
005C:  BTFSS  03.2
005D:  GOTO   062
005E:  MOVF   27,W
005F:  SUBLW  80
0060:  BTFSC  03.0
0061:  GOTO   094
0062:  MOVF   28,W
0063:  SUBLW  02
0064:  BTFSS  03.0
0065:  GOTO   094
0066:  BTFSS  03.2
0067:  GOTO   06C
0068:  MOVF   27,W
0069:  SUBLW  80
006A:  BTFSS  03.0
006B:  GOTO   094
....................         if((640<vQ)&&(vQ<=896)){ //q=3.75  [000] 
006C:  MOVF   2A,W
006D:  SUBLW  01
006E:  BTFSC  03.0
006F:  GOTO   081
0070:  XORLW  FF
0071:  BTFSS  03.2
0072:  GOTO   077
0073:  MOVF   29,W
0074:  SUBLW  80
0075:  BTFSC  03.0
0076:  GOTO   081
0077:  MOVF   2A,W
0078:  SUBLW  03
0079:  BTFSS  03.0
007A:  GOTO   081
007B:  BTFSS  03.2
007C:  GOTO   080
007D:  MOVF   29,W
007E:  SUBLW  80
007F:  BTFSC  03.0
....................             p=0; 
0080:  CLRF   2B
....................         }if((128<vQ)&&(vQ<=384)){  //q=1.25    [010] 
0081:  MOVF   2A,F
0082:  BTFSS  03.2
0083:  GOTO   088
0084:  MOVF   29,W
0085:  SUBLW  80
0086:  BTFSC  03.0
0087:  GOTO   094
0088:  MOVF   2A,W
0089:  SUBLW  01
008A:  BTFSS  03.0
008B:  GOTO   094
008C:  BTFSS  03.2
008D:  GOTO   092
008E:  MOVF   29,W
008F:  SUBLW  80
0090:  BTFSS  03.0
0091:  GOTO   094
....................             p=2; 
0092:  MOVLW  02
0093:  MOVWF  2B
....................         } 
....................       }if((128<vI)&&(vI<=384) && (384<vQ)&&(vQ<=640)){   //i=1.25   [001] 
0094:  MOVF   28,F
0095:  BTFSS  03.2
0096:  GOTO   09B
0097:  MOVF   27,W
0098:  SUBLW  80
0099:  BTFSC  03.0
009A:  GOTO   0BC
009B:  MOVF   28,W
009C:  SUBLW  01
009D:  BTFSS  03.0
009E:  GOTO   0BC
009F:  BTFSS  03.2
00A0:  GOTO   0A5
00A1:  MOVF   27,W
00A2:  SUBLW  80
00A3:  BTFSS  03.0
00A4:  GOTO   0BC
00A5:  MOVF   2A,W
00A6:  SUBLW  00
00A7:  BTFSC  03.0
00A8:  GOTO   0BC
00A9:  XORLW  FF
00AA:  BTFSS  03.2
00AB:  GOTO   0B0
00AC:  MOVF   29,W
00AD:  SUBLW  80
00AE:  BTFSC  03.0
00AF:  GOTO   0BC
00B0:  MOVF   2A,W
00B1:  SUBLW  02
00B2:  BTFSS  03.0
00B3:  GOTO   0BC
00B4:  BTFSS  03.2
00B5:  GOTO   0BA
00B6:  MOVF   29,W
00B7:  SUBLW  80
00B8:  BTFSS  03.0
00B9:  GOTO   0BC
....................          p=1; 
00BA:  MOVLW  01
00BB:  MOVWF  2B
....................       }if((640<vI)&&(vI<=896) && (384<vQ)&&(vQ<=640)){    //i=3.75  [011] 
00BC:  MOVF   28,W
00BD:  SUBLW  01
00BE:  BTFSC  03.0
00BF:  GOTO   0E8
00C0:  XORLW  FF
00C1:  BTFSS  03.2
00C2:  GOTO   0C7
00C3:  MOVF   27,W
00C4:  SUBLW  80
00C5:  BTFSC  03.0
00C6:  GOTO   0E8
00C7:  MOVF   28,W
00C8:  SUBLW  03
00C9:  BTFSS  03.0
00CA:  GOTO   0E8
00CB:  BTFSS  03.2
00CC:  GOTO   0D1
00CD:  MOVF   27,W
00CE:  SUBLW  80
00CF:  BTFSS  03.0
00D0:  GOTO   0E8
00D1:  MOVF   2A,W
00D2:  SUBLW  00
00D3:  BTFSC  03.0
00D4:  GOTO   0E8
00D5:  XORLW  FF
00D6:  BTFSS  03.2
00D7:  GOTO   0DC
00D8:  MOVF   29,W
00D9:  SUBLW  80
00DA:  BTFSC  03.0
00DB:  GOTO   0E8
00DC:  MOVF   2A,W
00DD:  SUBLW  02
00DE:  BTFSS  03.0
00DF:  GOTO   0E8
00E0:  BTFSS  03.2
00E1:  GOTO   0E6
00E2:  MOVF   29,W
00E3:  SUBLW  80
00E4:  BTFSS  03.0
00E5:  GOTO   0E8
....................          p=3; 
00E6:  MOVLW  03
00E7:  MOVWF  2B
....................       }if((896<vI)&&(vI<=1023)){   //i=5   [100,111] 
00E8:  MOVF   28,W
00E9:  SUBLW  02
00EA:  BTFSC  03.0
00EB:  GOTO   111
00EC:  XORLW  FF
00ED:  BTFSS  03.2
00EE:  GOTO   0F3
00EF:  MOVF   27,W
00F0:  SUBLW  80
00F1:  BTFSC  03.0
00F2:  GOTO   111
00F3:  MOVF   28,W
00F4:  SUBLW  03
00F5:  BTFSS  03.0
00F6:  GOTO   111
....................          if((896<vQ)&&(vQ<=1023)){  //q=5 [100] 
00F7:  MOVF   2A,W
00F8:  SUBLW  02
00F9:  BTFSC  03.0
00FA:  GOTO   108
00FB:  XORLW  FF
00FC:  BTFSS  03.2
00FD:  GOTO   102
00FE:  MOVF   29,W
00FF:  SUBLW  80
0100:  BTFSC  03.0
0101:  GOTO   108
0102:  MOVF   2A,W
0103:  SUBLW  03
0104:  BTFSS  03.0
0105:  GOTO   108
....................             p=4; 
0106:  MOVLW  04
0107:  MOVWF  2B
....................          } 
....................          if((0<=vQ)&&(vQ<=128)){    //q=0  [111] 
0108:  MOVF   2A,F
0109:  BTFSS  03.2
010A:  GOTO   111
010B:  MOVF   29,W
010C:  SUBLW  80
010D:  BTFSS  03.0
010E:  GOTO   111
....................             p=7; 
010F:  MOVLW  07
0110:  MOVWF  2B
....................          } 
....................       }if((0<=vI)&&(vI<=128)){   // 
0111:  MOVF   28,F
0112:  BTFSS  03.2
0113:  GOTO   12E
0114:  MOVF   27,W
0115:  SUBLW  80
0116:  BTFSS  03.0
0117:  GOTO   12E
....................          if(896<vQ<=1024){ 
0118:  MOVF   2A,W
0119:  SUBLW  02
011A:  BTFSC  03.0
011B:  GOTO   122
011C:  XORLW  FF
011D:  BTFSS  03.2
011E:  GOTO   123
011F:  MOVF   29,W
0120:  SUBLW  80
0121:  BTFSC  03.0
0122:  MOVLW  00
....................             p=5; 
0123:  MOVLW  05
0124:  MOVWF  2B
....................          } 
....................          if((0<=vQ)&&(vQ<=128)){ 
0125:  MOVF   2A,F
0126:  BTFSS  03.2
0127:  GOTO   12E
0128:  MOVF   29,W
0129:  SUBLW  80
012A:  BTFSS  03.0
012B:  GOTO   12E
....................             p=6; 
012C:  MOVLW  06
012D:  MOVWF  2B
....................          } 
.................... } 
....................        
....................        
....................       if(cuenta==3){ 
012E:  MOVF   2C,W
012F:  SUBLW  03
0130:  BTFSC  03.2
....................          cuenta=0; 
0131:  CLRF   2C
....................       } 
....................       switch (cuenta){ 
0132:  MOVF   2C,W
0133:  BTFSC  03.2
0134:  GOTO   13C
0135:  XORLW  01
0136:  BTFSC  03.2
0137:  GOTO   154
0138:  XORLW  03
0139:  BTFSC  03.2
013A:  GOTO   16C
013B:  GOTO   184
....................          case 0: 
....................             if(p==0 || p==1 || p==2 || p==3){ 
013C:  MOVF   2B,F
013D:  BTFSC  03.2
013E:  GOTO   14A
013F:  DECFSZ 2B,W
0140:  GOTO   142
0141:  GOTO   14A
0142:  MOVF   2B,W
0143:  SUBLW  02
0144:  BTFSC  03.2
0145:  GOTO   14A
0146:  MOVF   2B,W
0147:  SUBLW  03
0148:  BTFSS  03.2
0149:  GOTO   14F
....................                output_low(S); 
014A:  BSF    03.5
014B:  BCF    06.1
014C:  BCF    03.5
014D:  BCF    06.1
....................             }else{  
014E:  GOTO   153
....................                output_high(S); 
014F:  BSF    03.5
0150:  BCF    06.1
0151:  BCF    03.5
0152:  BSF    06.1
....................             } 
....................             break; 
0153:  GOTO   184
....................          case 1: 
....................              if(p==0 || p==1 || p==4 || p==5){ 
0154:  MOVF   2B,F
0155:  BTFSC  03.2
0156:  GOTO   162
0157:  DECFSZ 2B,W
0158:  GOTO   15A
0159:  GOTO   162
015A:  MOVF   2B,W
015B:  SUBLW  04
015C:  BTFSC  03.2
015D:  GOTO   162
015E:  MOVF   2B,W
015F:  SUBLW  05
0160:  BTFSS  03.2
0161:  GOTO   167
....................                output_low(S); 
0162:  BSF    03.5
0163:  BCF    06.1
0164:  BCF    03.5
0165:  BCF    06.1
....................             }else{  
0166:  GOTO   16B
....................                output_high(S); 
0167:  BSF    03.5
0168:  BCF    06.1
0169:  BCF    03.5
016A:  BSF    06.1
....................             }break; 
016B:  GOTO   184
....................          case 2: 
....................             if(p==0 || p==2 || p==4 || p==6){ 
016C:  MOVF   2B,F
016D:  BTFSC  03.2
016E:  GOTO   17B
016F:  MOVF   2B,W
0170:  SUBLW  02
0171:  BTFSC  03.2
0172:  GOTO   17B
0173:  MOVF   2B,W
0174:  SUBLW  04
0175:  BTFSC  03.2
0176:  GOTO   17B
0177:  MOVF   2B,W
0178:  SUBLW  06
0179:  BTFSS  03.2
017A:  GOTO   180
....................                output_low(S); 
017B:  BSF    03.5
017C:  BCF    06.1
017D:  BCF    03.5
017E:  BCF    06.1
....................             }else{  
017F:  GOTO   184
....................                output_high(S); 
0180:  BSF    03.5
0181:  BCF    06.1
0182:  BCF    03.5
0183:  BSF    06.1
....................             }break;       
....................       }cuenta++; 
0184:  INCF   2C,F
....................        
0185:  BCF    0B.1
0186:  BCF    0A.3
0187:  BCF    0A.4
0188:  GOTO   01B
.................... } 
....................  
.................... void main(void) { 
0189:  MOVF   03,W
018A:  ANDLW  1F
018B:  MOVWF  03
018C:  CLRF   28
018D:  CLRF   27
018E:  CLRF   2A
018F:  CLRF   29
0190:  CLRF   2B
0191:  CLRF   2C
0192:  BSF    03.5
0193:  BSF    03.6
0194:  MOVF   09,W
0195:  ANDLW  C0
0196:  MOVWF  09
0197:  BCF    03.6
0198:  BCF    1F.4
0199:  BCF    1F.5
019A:  MOVLW  00
019B:  BSF    03.6
019C:  MOVWF  08
019D:  BCF    03.5
019E:  CLRF   07
019F:  CLRF   08
01A0:  CLRF   09
01A1:  BCF    03.7
.................... vI=0; 
01A2:  BCF    03.6
01A3:  CLRF   28
01A4:  CLRF   27
.................... vQ=0; 
01A5:  CLRF   2A
01A6:  CLRF   29
.................... p=1; 
01A7:  MOVLW  01
01A8:  MOVWF  2B
.................... cuenta=0; 
01A9:  CLRF   2C
.................... //Entradas y salidas 
.................... enable_interrupts(int_ext);      //activar interrupcion externa 
01AA:  BSF    0B.4
.................... ext_int_edge(H_TO_L);         //configuracion:interrupcion cuando señal esta en flanco de subida 
01AB:  BSF    03.5
01AC:  BCF    01.6
.................... enable_interrupts(GLOBAL);  
01AD:  MOVLW  C0
01AE:  BCF    03.5
01AF:  IORWF  0B,F
....................  
.................... TRISA = 0b00000011; //1 = ENTRADA, 0 = SALIDA 
01B0:  MOVLW  03
01B1:  BSF    03.5
01B2:  MOVWF  05
.................... ANSEL = 0b00000011;//PUERTO A 
01B3:  BSF    03.6
01B4:  MOVWF  08
.................... ANSELH= 0b00000000;//Puerto E 
01B5:  CLRF   09
.................... TRISB = 0b00000001; //1 = ENTRADA, 0 = SALIDA 
01B6:  MOVLW  01
01B7:  BCF    03.6
01B8:  MOVWF  06
....................  
....................  
.................... setup_adc_ports(sAN0|sAN1,VSS_VDD); 
01B9:  BSF    03.6
01BA:  MOVF   09,W
01BB:  ANDLW  C0
01BC:  MOVWF  09
01BD:  BCF    03.6
01BE:  BCF    1F.4
01BF:  BCF    1F.5
01C0:  MOVLW  03
01C1:  BSF    03.6
01C2:  MOVWF  08
.................... setup_adc(ADC_CLOCK_INTERNAL);           // Built-in A/D setup function 
01C3:  BCF    03.5
01C4:  BCF    03.6
01C5:  BSF    1F.6
01C6:  BSF    1F.7
01C7:  BSF    03.5
01C8:  BSF    1F.7
01C9:  BCF    03.5
01CA:  BSF    1F.0
.................... //setup_adc(ADC_CLOCK_DIV_32); 
....................  
.................... output_low(S); 
01CB:  BSF    03.5
01CC:  BCF    06.1
01CD:  BCF    03.5
01CE:  BCF    06.1
....................  
....................     while(true) {           // Produces a 1khz square wave on pin B0 
01CF:  GOTO   1CF
....................           
....................       } 
.................... } 
....................  
01D0:  SLEEP

Configuration Fuses:
   Word  1: 2FC2   HS NOWDT PUT NOMCLR NOPROTECT NOCPD BROWNOUT IESO FCMEN NOLVP NODEBUG
   Word  2: 3FFF   BORV40 NOWRT
